// Jest Snapshot v1, https://goo.gl/fbAQLP

exports[`Footer renders 1`] = `"<footer class=\\"footer\\"><span>Crafted with <i class=\\"fa fa-heart\\"></i></span></footer>"`;
