// Jest Snapshot v1, https://goo.gl/fbAQLP

exports[`Header renders 1`] = `

<nav class="navbar navbar-expand-md navbar-dark fixed-top bg-dark">
  <a class="navbar-brand"
     href="/"
  >
    OpenChat
  </a>
</nav>

`;
